Analyzing report_repository_impl.dart...                        

   info - Don't invoke 'print' in production code - lib\features\reports\data\repositories\report_repository_impl.dart:99:7 - avoid_print
   info - Don't invoke 'print' in production code - lib\features\reports\data\repositories\report_repository_impl.dart:100:7 - avoid_print
   info - Don't invoke 'print' in production code - lib\features\reports\data\repositories\report_repository_impl.dart:112:5 - avoid_print
   info - Don't invoke 'print' in production code - lib\features\reports\data\repositories\report_repository_impl.dart:116:5 - avoid_print
   info - Don't invoke 'print' in production code - lib\features\reports\data\repositories\report_repository_impl.dart:126:5 - avoid_print
   info - Don't invoke 'print' in production code - lib\features\reports\data\repositories\report_repository_impl.dart:128:7 - avoid_print
   info - Don't invoke 'print' in production code - lib\features\reports\data\repositories\report_repository_impl.dart:135:5 - avoid_print
   info - Don't invoke 'print' in production code - lib\features\reports\data\repositories\report_repository_impl.dart:138:7 - avoid_print
   info - Don't invoke 'print' in production code - lib\features\reports\data\repositories\report_repository_impl.dart:145:5 - avoid_print
   info - Don't invoke 'print' in production code - lib\features\reports\data\repositories\report_repository_impl.dart:148:7 - avoid_print
   info - Don't invoke 'print' in production code - lib\features\reports\data\repositories\report_repository_impl.dart:151:5 - avoid_print
   info - Don't invoke 'print' in production code - lib\features\reports\data\repositories\report_repository_impl.dart:247:5 - avoid_print
   info - Don't invoke 'print' in production code - lib\features\reports\data\repositories\report_repository_impl.dart:248:5 - avoid_print
   info - Don't invoke 'print' in production code - lib\features\reports\data\repositories\report_repository_impl.dart:255:5 - avoid_print
   info - Don't invoke 'print' in production code - lib\features\reports\data\repositories\report_repository_impl.dart:259:5 - avoid_print
   info - Statements in an if should be enclosed in a block - lib\features\reports\data\repositories\report_repository_impl.dart:641:7 - curly_braces_in_flow_control_structures
   info - Statements in an if should be enclosed in a block - lib\features\reports\data\repositories\report_repository_impl.dart:1192:7 - curly_braces_in_flow_control_structures

